// Jest Snapshot v1, https://goo.gl/fbAQLP

exports[`About component matches snapshot DOM structure 1`] = `
<DocumentFragment>
  <section
    class="my-5"
  >
    <img
      alt="profilePic"
      class="my-2"
      src="pfp.jpg"
      style="width: 20%;"
    />
    <h1
      id="about"
    >
      Background
    </h1>
    <p>
      Hello, my name is Caroline and I hate this old pic but its the only professional looking one i have rn some space with text until I know what to say here. This could be just a few sentences about my education/certificates and experience so far doing the bootcamp?
    </p>
    <h1>
      Education
    </h1>
    <p>
      UCF Bachelor of Science in Environmental Studies with Geographic Information Systems Certificate
    </p>
    <p>
      current coding bootcamp student
    </p>
    <h1>
      Skills
    </h1>
    <p>
      possibly leave this in resume? 2 much? idk
    </p>
  </section>
</DocumentFragment>
`;
